// Jest Snapshot v1, https://goo.gl/fbAQLP

exports[`App should render correctly 1`] = `
<styled.div>
  <styled.div>
    <Label
      align="left"
      text=""
    />
    <Label
      align="right"
      text=""
    />
  </styled.div>
  <styled.div>
    <styled.div>
      <Key
        bg={null}
        big={false}
        disabled={false}
        merged={false}
        onClick={[Function]}
        primary={true}
        text=""
      >
        C
      </Key>
      <Key
        bg={null}
        big={false}
        disabled={false}
        merged={false}
        onClick={[Function]}
        primary={false}
        text=""
      >
        7
      </Key>
      <Key
        bg={null}
        big={false}
        disabled={false}
        merged={false}
        onClick={[Function]}
        primary={false}
        text=""
      >
        4
      </Key>
      <Key
        bg={null}
        big={false}
        disabled={false}
        merged={false}
        onClick={[Function]}
        primary={false}
        text=""
      >
        1
      </Key>
      <Key
        bg={null}
        big={false}
        disabled={false}
        merged={false}
        onClick={[Function]}
        primary={false}
        text=""
      >
        0
      </Key>
    </styled.div>
    <styled.div>
      <Key
        bg={null}
        big={false}
        disabled={false}
        merged={false}
        onClick={[Function]}
        primary={true}
        text=""
      >
        ร
      </Key>
      <Key
        bg={null}
        big={false}
        disabled={false}
        merged={false}
        onClick={[Function]}
        primary={false}
        text=""
      >
        8
      </Key>
      <Key
        bg={null}
        big={false}
        disabled={false}
        merged={false}
        onClick={[Function]}
        primary={false}
        text=""
      >
        5
      </Key>
      <Key
        bg={null}
        big={false}
        disabled={false}
        merged={false}
        onClick={[Function]}
        primary={false}
        text=""
      >
        2
      </Key>
      <Key
        bg={null}
        big={false}
        disabled={true}
        merged={false}
        onClick={null}
        primary={false}
        text=""
      />
    </styled.div>
    <styled.div>
      <Key
        bg={null}
        big={false}
        disabled={false}
        merged={false}
        onClick={[Function]}
        primary={true}
        text=""
      >
         รท
      </Key>
      <Key
        bg={null}
        big={false}
        disabled={false}
        merged={false}
        onClick={[Function]}
        primary={false}
        text=""
      >
        9
      </Key>
      <Key
        bg={null}
        big={false}
        disabled={false}
        merged={false}
        onClick={[Function]}
        primary={false}
        text=""
      >
        6
      </Key>
      <Key
        bg={null}
        big={false}
        disabled={false}
        merged={false}
        onClick={[Function]}
        primary={false}
        text=""
      >
        3
      </Key>
      <Key
        bg={null}
        big={true}
        disabled={false}
        merged={false}
        onClick={[Function]}
        primary={false}
        text=""
      >
        .
      </Key>
    </styled.div>
    <styled.div>
      <Key
        bg={null}
        big={false}
        disabled={true}
        merged={false}
        onClick={null}
        primary={false}
        text=""
      />
      <Key
        bg={null}
        big={false}
        disabled={false}
        merged={false}
        onClick={[Function]}
        primary={true}
        text=""
      >
        +
      </Key>
      <Key
        bg={null}
        big={false}
        disabled={false}
        merged={false}
        onClick={[Function]}
        primary={true}
        text=""
      >
        -
      </Key>
      <Key
        bg="#2ABAE9"
        big={false}
        disabled={false}
        merged={true}
        onClick={[Function]}
        primary={true}
        text=""
      >
        =
      </Key>
    </styled.div>
  </styled.div>
  <Toggler
    mode="user"
    onClick={[Function]}
  />
</styled.div>
`;
