// Jest Snapshot v1, https://goo.gl/fbAQLP

exports[`Label should render correctly 1`] = `
<styled.span
  align="left"
>
  foo
</styled.span>
`;
